// Jest Snapshot v1, https://goo.gl/fbAQLP

exports[`Home existence 1`] = `
<div
  className="Styleguide"
>
  <p
    style={
      Object {
        "textAlign": "center",
      }
    }
  >
    this is the style guide!
  </p>
</div>
`;
