exports[`test Link changes the class when hovered 1`] = `
<div
  className="cklcwZ">
  <h1
    className="eytrmd">
    Good 
    No message passed.
    !
  </h1>
  <p
    className="kuUXHy">
    Welcome to contempo!
  </p>
</div>
`;
