// Jest Snapshot v1, https://goo.gl/fbAQLP

exports[`Home existence 1`] = `
<div
  className="styles__Wrapper-dhcWqx cQtooR"
>
  <h1
    className="styles__Title-kJmJYc kAsCYU"
  >
    Good 
    Day!
  </h1>
  <p
    className="styles__SubTitle-geuJrq dzWtlk"
  >
    Welcome to
  </p>
  <div>
    <img
      alt=""
      src="./assets/images/contempo.png"
      style={
        Object {
          "width": "100%",
        }
      }
    />
  </div>
</div>
`;
